Archive member included because of file (symbol)

d:/ide/gcc_arm/bin/../lib/gcc/arm-none-eabi/4.9.3/../../../../arm-none-eabi/lib/armv7e-m\libm.a(lib_a-sf_cos.o)
                              ..\obj\shapes_data.o (cosf)
d:/ide/gcc_arm/bin/../lib/gcc/arm-none-eabi/4.9.3/../../../../arm-none-eabi/lib/armv7e-m\libm.a(lib_a-sf_sin.o)
                              ..\obj\shapes_data.o (sinf)
d:/ide/gcc_arm/bin/../lib/gcc/arm-none-eabi/4.9.3/../../../../arm-none-eabi/lib/armv7e-m\libm.a(lib_a-ef_rem_pio2.o)
                              d:/ide/gcc_arm/bin/../lib/gcc/arm-none-eabi/4.9.3/../../../../arm-none-eabi/lib/armv7e-m\libm.a(lib_a-sf_cos.o) (__ieee754_rem_pio2f)
d:/ide/gcc_arm/bin/../lib/gcc/arm-none-eabi/4.9.3/../../../../arm-none-eabi/lib/armv7e-m\libm.a(lib_a-kf_cos.o)
                              d:/ide/gcc_arm/bin/../lib/gcc/arm-none-eabi/4.9.3/../../../../arm-none-eabi/lib/armv7e-m\libm.a(lib_a-sf_cos.o) (__kernel_cosf)
d:/ide/gcc_arm/bin/../lib/gcc/arm-none-eabi/4.9.3/../../../../arm-none-eabi/lib/armv7e-m\libm.a(lib_a-kf_rem_pio2.o)
                              d:/ide/gcc_arm/bin/../lib/gcc/arm-none-eabi/4.9.3/../../../../arm-none-eabi/lib/armv7e-m\libm.a(lib_a-ef_rem_pio2.o) (__kernel_rem_pio2f)
d:/ide/gcc_arm/bin/../lib/gcc/arm-none-eabi/4.9.3/../../../../arm-none-eabi/lib/armv7e-m\libm.a(lib_a-kf_sin.o)
                              d:/ide/gcc_arm/bin/../lib/gcc/arm-none-eabi/4.9.3/../../../../arm-none-eabi/lib/armv7e-m\libm.a(lib_a-sf_cos.o) (__kernel_sinf)
d:/ide/gcc_arm/bin/../lib/gcc/arm-none-eabi/4.9.3/../../../../arm-none-eabi/lib/armv7e-m\libm.a(lib_a-sf_fabs.o)
                              d:/ide/gcc_arm/bin/../lib/gcc/arm-none-eabi/4.9.3/../../../../arm-none-eabi/lib/armv7e-m\libm.a(lib_a-ef_rem_pio2.o) (fabsf)
d:/ide/gcc_arm/bin/../lib/gcc/arm-none-eabi/4.9.3/../../../../arm-none-eabi/lib/armv7e-m\libm.a(lib_a-sf_floor.o)
                              d:/ide/gcc_arm/bin/../lib/gcc/arm-none-eabi/4.9.3/../../../../arm-none-eabi/lib/armv7e-m\libm.a(lib_a-kf_rem_pio2.o) (floorf)
d:/ide/gcc_arm/bin/../lib/gcc/arm-none-eabi/4.9.3/../../../../arm-none-eabi/lib/armv7e-m\libm.a(lib_a-sf_scalbn.o)
                              d:/ide/gcc_arm/bin/../lib/gcc/arm-none-eabi/4.9.3/../../../../arm-none-eabi/lib/armv7e-m\libm.a(lib_a-kf_rem_pio2.o) (scalbnf)
d:/ide/gcc_arm/bin/../lib/gcc/arm-none-eabi/4.9.3/../../../../arm-none-eabi/lib/armv7e-m\libm.a(lib_a-sf_copysign.o)
                              d:/ide/gcc_arm/bin/../lib/gcc/arm-none-eabi/4.9.3/../../../../arm-none-eabi/lib/armv7e-m\libm.a(lib_a-sf_scalbn.o) (copysignf)
d:/ide/gcc_arm/bin/../lib/gcc/arm-none-eabi/4.9.3/armv7e-m\libgcc.a(_arm_addsubdf3.o)
                              ..\obj\shapes_data.o (__aeabi_dadd)
d:/ide/gcc_arm/bin/../lib/gcc/arm-none-eabi/4.9.3/armv7e-m\libgcc.a(_arm_muldivdf3.o)
                              ..\obj\shapes_data.o (__aeabi_dmul)
d:/ide/gcc_arm/bin/../lib/gcc/arm-none-eabi/4.9.3/armv7e-m\libgcc.a(_arm_cmpdf2.o)
                              ..\obj\shapes_data.o (__aeabi_dcmplt)
d:/ide/gcc_arm/bin/../lib/gcc/arm-none-eabi/4.9.3/armv7e-m\libgcc.a(_arm_truncdfsf2.o)
                              ..\obj\shapes_data.o (__aeabi_d2f)
d:/ide/gcc_arm/bin/../lib/gcc/arm-none-eabi/4.9.3/armv7e-m\libgcc.a(_arm_addsubsf3.o)
                              ..\obj\shapes_data.o (__aeabi_fsub)
d:/ide/gcc_arm/bin/../lib/gcc/arm-none-eabi/4.9.3/armv7e-m\libgcc.a(_arm_muldivsf3.o)
                              ..\obj\shapes_data.o (__aeabi_fmul)
d:/ide/gcc_arm/bin/../lib/gcc/arm-none-eabi/4.9.3/armv7e-m\libgcc.a(_arm_cmpsf2.o)
                              d:/ide/gcc_arm/bin/../lib/gcc/arm-none-eabi/4.9.3/../../../../arm-none-eabi/lib/armv7e-m\libm.a(lib_a-ef_rem_pio2.o) (__aeabi_fcmpeq)
d:/ide/gcc_arm/bin/../lib/gcc/arm-none-eabi/4.9.3/armv7e-m\libgcc.a(_arm_fixsfsi.o)
                              ..\obj\shapes_data.o (__aeabi_f2iz)

Allocating common symbols
Common symbol       size              file

VGA                 0xc               ..\obj\shapes_data.o
VGA_RAM1            0x12cf0           ..\obj\shapes_data.o

Discarded input sections

 .text          0x00000000        0x0 ..\obj\shapes_data.o
 .data          0x00000000        0x0 ..\obj\shapes_data.o
 .bss           0x00000000        0x0 ..\obj\shapes_data.o
 .text          0x00000000        0x0 ..\obj\startup_stm32f4xx.o
 .data          0x00000000        0x0 ..\obj\startup_stm32f4xx.o
 .bss           0x00000000        0x0 ..\obj\startup_stm32f4xx.o
 .text          0x00000000        0x0 ..\obj\main.o
 .data          0x00000000        0x0 ..\obj\main.o
 .bss           0x00000000        0x0 ..\obj\main.o
 .text          0x00000000        0x0 ..\obj\stm32f4xx_rcc.o
 .data          0x00000000       0x10 ..\obj\stm32f4xx_rcc.o
 .bss           0x00000000        0x0 ..\obj\stm32f4xx_rcc.o
 .text.RCC_DeInit
                0x00000000       0x50 ..\obj\stm32f4xx_rcc.o
 .text.RCC_HSEConfig
                0x00000000       0x24 ..\obj\stm32f4xx_rcc.o
 .text.RCC_WaitForHSEStartUp
                0x00000000       0x50 ..\obj\stm32f4xx_rcc.o
 .text.RCC_AdjustHSICalibrationValue
                0x00000000       0x3c ..\obj\stm32f4xx_rcc.o
 .text.RCC_HSICmd
                0x00000000       0x20 ..\obj\stm32f4xx_rcc.o
 .text.RCC_LSEConfig
                0x00000000       0x40 ..\obj\stm32f4xx_rcc.o
 .text.RCC_LSICmd
                0x00000000       0x20 ..\obj\stm32f4xx_rcc.o
 .text.RCC_PLLConfig
                0x00000000       0x3c ..\obj\stm32f4xx_rcc.o
 .text.RCC_PLLCmd
                0x00000000       0x20 ..\obj\stm32f4xx_rcc.o
 .text.RCC_PLLI2SConfig
                0x00000000       0x28 ..\obj\stm32f4xx_rcc.o
 .text.RCC_PLLI2SCmd
                0x00000000       0x20 ..\obj\stm32f4xx_rcc.o
 .text.RCC_ClockSecuritySystemCmd
                0x00000000       0x20 ..\obj\stm32f4xx_rcc.o
 .text.RCC_MCO1Config
                0x00000000       0x3c ..\obj\stm32f4xx_rcc.o
 .text.RCC_MCO2Config
                0x00000000       0x3c ..\obj\stm32f4xx_rcc.o
 .text.RCC_SYSCLKConfig
                0x00000000       0x38 ..\obj\stm32f4xx_rcc.o
 .text.RCC_GetSYSCLKSource
                0x00000000       0x20 ..\obj\stm32f4xx_rcc.o
 .text.RCC_HCLKConfig
                0x00000000       0x38 ..\obj\stm32f4xx_rcc.o
 .text.RCC_PCLK1Config
                0x00000000       0x38 ..\obj\stm32f4xx_rcc.o
 .text.RCC_PCLK2Config
                0x00000000       0x38 ..\obj\stm32f4xx_rcc.o
 .text.RCC_GetClocksFreq
                0x00000000      0x154 ..\obj\stm32f4xx_rcc.o
 .text.RCC_RTCCLKConfig
                0x00000000       0x5c ..\obj\stm32f4xx_rcc.o
 .text.RCC_RTCCLKCmd
                0x00000000       0x20 ..\obj\stm32f4xx_rcc.o
 .text.RCC_BackupResetCmd
                0x00000000       0x20 ..\obj\stm32f4xx_rcc.o
 .text.RCC_I2SCLKConfig
                0x00000000       0x1c ..\obj\stm32f4xx_rcc.o
 .text.RCC_AHB2PeriphClockCmd
                0x00000000       0x3c ..\obj\stm32f4xx_rcc.o
 .text.RCC_AHB3PeriphClockCmd
                0x00000000       0x3c ..\obj\stm32f4xx_rcc.o
 .text.RCC_AHB1PeriphResetCmd
                0x00000000       0x3c ..\obj\stm32f4xx_rcc.o
 .text.RCC_AHB2PeriphResetCmd
                0x00000000       0x3c ..\obj\stm32f4xx_rcc.o
 .text.RCC_AHB3PeriphResetCmd
                0x00000000       0x3c ..\obj\stm32f4xx_rcc.o
 .text.RCC_APB1PeriphResetCmd
                0x00000000       0x3c ..\obj\stm32f4xx_rcc.o
 .text.RCC_APB2PeriphResetCmd
                0x00000000       0x3c ..\obj\stm32f4xx_rcc.o
 .text.RCC_AHB1PeriphClockLPModeCmd
                0x00000000       0x3c ..\obj\stm32f4xx_rcc.o
 .text.RCC_AHB2PeriphClockLPModeCmd
                0x00000000       0x3c ..\obj\stm32f4xx_rcc.o
 .text.RCC_AHB3PeriphClockLPModeCmd
                0x00000000       0x3c ..\obj\stm32f4xx_rcc.o
 .text.RCC_APB1PeriphClockLPModeCmd
                0x00000000       0x3c ..\obj\stm32f4xx_rcc.o
 .text.RCC_APB2PeriphClockLPModeCmd
                0x00000000       0x3c ..\obj\stm32f4xx_rcc.o
 .text.RCC_ITConfig
                0x00000000       0x4c ..\obj\stm32f4xx_rcc.o
 .text.RCC_GetFlagStatus
                0x00000000       0x74 ..\obj\stm32f4xx_rcc.o
 .text.RCC_ClearFlag
                0x00000000       0x1c ..\obj\stm32f4xx_rcc.o
 .text.RCC_GetITStatus
                0x00000000       0x38 ..\obj\stm32f4xx_rcc.o
 .text.RCC_ClearITPendingBit
                0x00000000       0x20 ..\obj\stm32f4xx_rcc.o
 .text          0x00000000        0x0 ..\obj\stm32f4xx_gpio.o
 .data          0x00000000        0x0 ..\obj\stm32f4xx_gpio.o
 .bss           0x00000000        0x0 ..\obj\stm32f4xx_gpio.o
 .text.GPIO_DeInit
                0x00000000      0x120 ..\obj\stm32f4xx_gpio.o
 .text.GPIO_StructInit
                0x00000000       0x34 ..\obj\stm32f4xx_gpio.o
 .text.GPIO_PinLockConfig
                0x00000000       0x44 ..\obj\stm32f4xx_gpio.o
 .text.GPIO_ReadInputDataBit
                0x00000000       0x34 ..\obj\stm32f4xx_gpio.o
 .text.GPIO_ReadInputData
                0x00000000       0x1c ..\obj\stm32f4xx_gpio.o
 .text.GPIO_ReadOutputDataBit
                0x00000000       0x34 ..\obj\stm32f4xx_gpio.o
 .text.GPIO_ReadOutputData
                0x00000000       0x1c ..\obj\stm32f4xx_gpio.o
 .text.GPIO_SetBits
                0x00000000       0x1c ..\obj\stm32f4xx_gpio.o
 .text.GPIO_ResetBits
                0x00000000       0x1c ..\obj\stm32f4xx_gpio.o
 .text.GPIO_WriteBit
                0x00000000       0x30 ..\obj\stm32f4xx_gpio.o
 .text.GPIO_Write
                0x00000000       0x1c ..\obj\stm32f4xx_gpio.o
 .text.GPIO_ToggleBits
                0x00000000       0x24 ..\obj\stm32f4xx_gpio.o
 .text          0x00000000        0x0 ..\obj\system_stm32f4xx.o
 .data          0x00000000       0x14 ..\obj\system_stm32f4xx.o
 .bss           0x00000000        0x0 ..\obj\system_stm32f4xx.o
 .text.SystemCoreClockUpdate
                0x00000000       0xf8 ..\obj\system_stm32f4xx.o
 .text          0x00000000        0x0 ..\obj\stm32f4xx_dma.o
 .data          0x00000000        0x0 ..\obj\stm32f4xx_dma.o
 .bss           0x00000000        0x0 ..\obj\stm32f4xx_dma.o
 .text.DMA_StructInit
                0x00000000       0x6c ..\obj\stm32f4xx_dma.o
 .text.DMA_PeriphIncOffsetSizeConfig
                0x00000000       0x34 ..\obj\stm32f4xx_dma.o
 .text.DMA_FlowControllerConfig
                0x00000000       0x34 ..\obj\stm32f4xx_dma.o
 .text.DMA_SetCurrDataCounter
                0x00000000       0x1c ..\obj\stm32f4xx_dma.o
 .text.DMA_GetCurrDataCounter
                0x00000000       0x1c ..\obj\stm32f4xx_dma.o
 .text.DMA_DoubleBufferModeConfig
                0x00000000       0x3c ..\obj\stm32f4xx_dma.o
 .text.DMA_DoubleBufferModeCmd
                0x00000000       0x38 ..\obj\stm32f4xx_dma.o
 .text.DMA_MemoryTargetConfig
                0x00000000       0x2c ..\obj\stm32f4xx_dma.o
 .text.DMA_GetCurrentMemoryTarget
                0x00000000       0x30 ..\obj\stm32f4xx_dma.o
 .text.DMA_GetCmdStatus
                0x00000000       0x30 ..\obj\stm32f4xx_dma.o
 .text.DMA_GetFIFOStatus
                0x00000000       0x24 ..\obj\stm32f4xx_dma.o
 .text.DMA_GetFlagStatus
                0x00000000       0x78 ..\obj\stm32f4xx_dma.o
 .text.DMA_ClearFlag
                0x00000000       0x5c ..\obj\stm32f4xx_dma.o
 .text          0x00000000        0x0 ..\obj\pixel_data.o
 .data          0x00000000        0x0 ..\obj\pixel_data.o
 .bss           0x00000000        0x0 ..\obj\pixel_data.o
 .text          0x00000000        0x0 ..\obj\stm32_ub_vga_screen.o
 .data          0x00000000        0x0 ..\obj\stm32_ub_vga_screen.o
 .bss           0x00000000        0x0 ..\obj\stm32_ub_vga_screen.o
 .text.UB_VGA_FillScreen
                0x00000000       0x48 ..\obj\stm32_ub_vga_screen.o
 .text.UB_VGA_SetPixel
                0x00000000       0x4c ..\obj\stm32_ub_vga_screen.o
 .text          0x00000000        0x0 ..\obj\misc.o
 .data          0x00000000        0x0 ..\obj\misc.o
 .bss           0x00000000        0x0 ..\obj\misc.o
 .text.NVIC_PriorityGroupConfig
                0x00000000       0x24 ..\obj\misc.o
 .text.NVIC_SetVectorTable
                0x00000000       0x2c ..\obj\misc.o
 .text.NVIC_SystemLPConfig
                0x00000000       0x40 ..\obj\misc.o
 .text.SysTick_CLKSourceConfig
                0x00000000       0x38 ..\obj\misc.o
 .text          0x00000000        0x0 ..\obj\stm32f4xx_tim.o
 .data          0x00000000        0x0 ..\obj\stm32f4xx_tim.o
 .bss           0x00000000        0x0 ..\obj\stm32f4xx_tim.o
 .text.TIM_DeInit
                0x00000000      0x1bc ..\obj\stm32f4xx_tim.o
 .text.TIM_TimeBaseStructInit
                0x00000000       0x34 ..\obj\stm32f4xx_tim.o
 .text.TIM_PrescalerConfig
                0x00000000       0x28 ..\obj\stm32f4xx_tim.o
 .text.TIM_CounterModeConfig
                0x00000000       0x38 ..\obj\stm32f4xx_tim.o
 .text.TIM_SetCounter
                0x00000000       0x1c ..\obj\stm32f4xx_tim.o
 .text.TIM_SetAutoreload
                0x00000000       0x1c ..\obj\stm32f4xx_tim.o
 .text.TIM_GetCounter
                0x00000000       0x18 ..\obj\stm32f4xx_tim.o
 .text.TIM_GetPrescaler
                0x00000000       0x1c ..\obj\stm32f4xx_tim.o
 .text.TIM_UpdateDisableConfig
                0x00000000       0x40 ..\obj\stm32f4xx_tim.o
 .text.TIM_UpdateRequestConfig
                0x00000000       0x40 ..\obj\stm32f4xx_tim.o
 .text.TIM_SelectOnePulseMode
                0x00000000       0x38 ..\obj\stm32f4xx_tim.o
 .text.TIM_SetClockDivision
                0x00000000       0x38 ..\obj\stm32f4xx_tim.o
 .text.TIM_OC1Init
                0x00000000       0xf4 ..\obj\stm32f4xx_tim.o
 .text.TIM_OC2Init
                0x00000000      0x110 ..\obj\stm32f4xx_tim.o
 .text.TIM_OCStructInit
                0x00000000       0x44 ..\obj\stm32f4xx_tim.o
 .text.TIM_SelectOCxM
                0x00000000       0xb0 ..\obj\stm32f4xx_tim.o
 .text.TIM_SetCompare1
                0x00000000       0x1c ..\obj\stm32f4xx_tim.o
 .text.TIM_SetCompare2
                0x00000000       0x1c ..\obj\stm32f4xx_tim.o
 .text.TIM_SetCompare3
                0x00000000       0x1c ..\obj\stm32f4xx_tim.o
 .text.TIM_SetCompare4
                0x00000000       0x1c ..\obj\stm32f4xx_tim.o
 .text.TIM_ForcedOC1Config
                0x00000000       0x38 ..\obj\stm32f4xx_tim.o
 .text.TIM_ForcedOC2Config
                0x00000000       0x3c ..\obj\stm32f4xx_tim.o
 .text.TIM_ForcedOC3Config
                0x00000000       0x38 ..\obj\stm32f4xx_tim.o
 .text.TIM_ForcedOC4Config
                0x00000000       0x3c ..\obj\stm32f4xx_tim.o
 .text.TIM_OC1PreloadConfig
                0x00000000       0x38 ..\obj\stm32f4xx_tim.o
 .text.TIM_OC2PreloadConfig
                0x00000000       0x3c ..\obj\stm32f4xx_tim.o
 .text.TIM_OC1FastConfig
                0x00000000       0x38 ..\obj\stm32f4xx_tim.o
 .text.TIM_OC2FastConfig
                0x00000000       0x3c ..\obj\stm32f4xx_tim.o
 .text.TIM_OC3FastConfig
                0x00000000       0x38 ..\obj\stm32f4xx_tim.o
 .text.TIM_OC4FastConfig
                0x00000000       0x3c ..\obj\stm32f4xx_tim.o
 .text.TIM_ClearOC1Ref
                0x00000000       0x38 ..\obj\stm32f4xx_tim.o
 .text.TIM_ClearOC2Ref
                0x00000000       0x3c ..\obj\stm32f4xx_tim.o
 .text.TIM_ClearOC3Ref
                0x00000000       0x38 ..\obj\stm32f4xx_tim.o
 .text.TIM_ClearOC4Ref
                0x00000000       0x3c ..\obj\stm32f4xx_tim.o
 .text.TIM_OC1PolarityConfig
                0x00000000       0x38 ..\obj\stm32f4xx_tim.o
 .text.TIM_OC1NPolarityConfig
                0x00000000       0x38 ..\obj\stm32f4xx_tim.o
 .text.TIM_OC2PolarityConfig
                0x00000000       0x3c ..\obj\stm32f4xx_tim.o
 .text.TIM_OC2NPolarityConfig
                0x00000000       0x3c ..\obj\stm32f4xx_tim.o
 .text.TIM_OC3PolarityConfig
                0x00000000       0x3c ..\obj\stm32f4xx_tim.o
 .text.TIM_OC3NPolarityConfig
                0x00000000       0x3c ..\obj\stm32f4xx_tim.o
 .text.TIM_OC4PolarityConfig
                0x00000000       0x3c ..\obj\stm32f4xx_tim.o
 .text.TIM_CCxCmd
                0x00000000       0x54 ..\obj\stm32f4xx_tim.o
 .text.TIM_CCxNCmd
                0x00000000       0x54 ..\obj\stm32f4xx_tim.o
 .text.TIM_ICInit
                0x00000000       0xa8 ..\obj\stm32f4xx_tim.o
 .text.TIM_ICStructInit
                0x00000000       0x30 ..\obj\stm32f4xx_tim.o
 .text.TIM_PWMIConfig
                0x00000000       0xb8 ..\obj\stm32f4xx_tim.o
 .text.TIM_GetCapture1
                0x00000000       0x18 ..\obj\stm32f4xx_tim.o
 .text.TIM_GetCapture2
                0x00000000       0x18 ..\obj\stm32f4xx_tim.o
 .text.TIM_GetCapture3
                0x00000000       0x18 ..\obj\stm32f4xx_tim.o
 .text.TIM_GetCapture4
                0x00000000       0x18 ..\obj\stm32f4xx_tim.o
 .text.TIM_SetIC1Prescaler
                0x00000000       0x38 ..\obj\stm32f4xx_tim.o
 .text.TIM_SetIC2Prescaler
                0x00000000       0x3c ..\obj\stm32f4xx_tim.o
 .text.TIM_SetIC3Prescaler
                0x00000000       0x38 ..\obj\stm32f4xx_tim.o
 .text.TIM_SetIC4Prescaler
                0x00000000       0x3c ..\obj\stm32f4xx_tim.o
 .text.TIM_BDTRConfig
                0x00000000       0x50 ..\obj\stm32f4xx_tim.o
 .text.TIM_BDTRStructInit
                0x00000000       0x3c ..\obj\stm32f4xx_tim.o
 .text.TIM_CtrlPWMOutputs
                0x00000000       0x4c ..\obj\stm32f4xx_tim.o
 .text.TIM_SelectCOM
                0x00000000       0x40 ..\obj\stm32f4xx_tim.o
 .text.TIM_CCPreloadControl
                0x00000000       0x40 ..\obj\stm32f4xx_tim.o
 .text.TIM_GenerateEvent
                0x00000000       0x1c ..\obj\stm32f4xx_tim.o
 .text.TIM_GetFlagStatus
                0x00000000       0x38 ..\obj\stm32f4xx_tim.o
 .text.TIM_ClearFlag
                0x00000000       0x20 ..\obj\stm32f4xx_tim.o
 .text.TIM_GetITStatus
                0x00000000       0x54 ..\obj\stm32f4xx_tim.o
 .text.TIM_DMAConfig
                0x00000000       0x28 ..\obj\stm32f4xx_tim.o
 .text.TIM_SelectCCDMA
                0x00000000       0x40 ..\obj\stm32f4xx_tim.o
 .text.TIM_InternalClockConfig
                0x00000000       0x24 ..\obj\stm32f4xx_tim.o
 .text.TIM_ITRxExternalClockConfig
                0x00000000       0x2c ..\obj\stm32f4xx_tim.o
 .text.TIM_TIxExternalClockConfig
                0x00000000       0x60 ..\obj\stm32f4xx_tim.o
 .text.TIM_ETRClockMode1Config
                0x00000000       0x5c ..\obj\stm32f4xx_tim.o
 .text.TIM_ETRClockMode2Config
                0x00000000       0x3c ..\obj\stm32f4xx_tim.o
 .text.TIM_SelectInputTrigger
                0x00000000       0x38 ..\obj\stm32f4xx_tim.o
 .text.TIM_SelectOutputTrigger
                0x00000000       0x38 ..\obj\stm32f4xx_tim.o
 .text.TIM_SelectSlaveMode
                0x00000000       0x38 ..\obj\stm32f4xx_tim.o
 .text.TIM_SelectMasterSlaveMode
                0x00000000       0x38 ..\obj\stm32f4xx_tim.o
 .text.TIM_ETRConfig
                0x00000000       0x54 ..\obj\stm32f4xx_tim.o
 .text.TIM_EncoderInterfaceConfig
                0x00000000       0x98 ..\obj\stm32f4xx_tim.o
 .text.TIM_SelectHallSensor
                0x00000000       0x40 ..\obj\stm32f4xx_tim.o
 .text.TIM_RemapConfig
                0x00000000       0x20 ..\obj\stm32f4xx_tim.o
 .text.TI1_Config
                0x00000000       0x84 ..\obj\stm32f4xx_tim.o
 .text.TI2_Config
                0x00000000       0x98 ..\obj\stm32f4xx_tim.o
 .text.TI3_Config
                0x00000000       0x90 ..\obj\stm32f4xx_tim.o
 .text.TI4_Config
                0x00000000       0x9c ..\obj\stm32f4xx_tim.o
 .text          0x00000000        0x0 d:/ide/gcc_arm/bin/../lib/gcc/arm-none-eabi/4.9.3/../../../../arm-none-eabi/lib/armv7e-m\libm.a(lib_a-sf_cos.o)
 .data          0x00000000        0x0 d:/ide/gcc_arm/bin/../lib/gcc/arm-none-eabi/4.9.3/../../../../arm-none-eabi/lib/armv7e-m\libm.a(lib_a-sf_cos.o)
 .bss           0x00000000        0x0 d:/ide/gcc_arm/bin/../lib/gcc/arm-none-eabi/4.9.3/../../../../arm-none-eabi/lib/armv7e-m\libm.a(lib_a-sf_cos.o)
 .text          0x00000000        0x0 d:/ide/gcc_arm/bin/../lib/gcc/arm-none-eabi/4.9.3/../../../../arm-none-eabi/lib/armv7e-m\libm.a(lib_a-sf_sin.o)
 .data          0x00000000        0x0 d:/ide/gcc_arm/bin/../lib/gcc/arm-none-eabi/4.9.3/../../../../arm-none-eabi/lib/armv7e-m\libm.a(lib_a-sf_sin.o)
 .bss           0x00000000        0x0 d:/ide/gcc_arm/bin/../lib/gcc/arm-none-eabi/4.9.3/../../../../arm-none-eabi/lib/armv7e-m\libm.a(lib_a-sf_sin.o)
 .text          0x00000000        0x0 d:/ide/gcc_arm/bin/../lib/gcc/arm-none-eabi/4.9.3/../../../../arm-none-eabi/lib/armv7e-m\libm.a(lib_a-ef_rem_pio2.o)
 .data          0x00000000        0x0 d:/ide/gcc_arm/bin/../lib/gcc/arm-none-eabi/4.9.3/../../../../arm-none-eabi/lib/armv7e-m\libm.a(lib_a-ef_rem_pio2.o)
 .bss           0x00000000        0x0 d:/ide/gcc_arm/bin/../lib/gcc/arm-none-eabi/4.9.3/../../../../arm-none-eabi/lib/armv7e-m\libm.a(lib_a-ef_rem_pio2.o)
 .text          0x00000000        0x0 d:/ide/gcc_arm/bin/../lib/gcc/arm-none-eabi/4.9.3/../../../../arm-none-eabi/lib/armv7e-m\libm.a(lib_a-kf_cos.o)
 .data          0x00000000        0x0 d:/ide/gcc_arm/bin/../lib/gcc/arm-none-eabi/4.9.3/../../../../arm-none-eabi/lib/armv7e-m\libm.a(lib_a-kf_cos.o)
 .bss           0x00000000        0x0 d:/ide/gcc_arm/bin/../lib/gcc/arm-none-eabi/4.9.3/../../../../arm-none-eabi/lib/armv7e-m\libm.a(lib_a-kf_cos.o)
 .text          0x00000000        0x0 d:/ide/gcc_arm/bin/../lib/gcc/arm-none-eabi/4.9.3/../../../../arm-none-eabi/lib/armv7e-m\libm.a(lib_a-kf_rem_pio2.o)
 .data          0x00000000        0x0 d:/ide/gcc_arm/bin/../lib/gcc/arm-none-eabi/4.9.3/../../../../arm-none-eabi/lib/armv7e-m\libm.a(lib_a-kf_rem_pio2.o)
 .bss           0x00000000        0x0 d:/ide/gcc_arm/bin/../lib/gcc/arm-none-eabi/4.9.3/../../../../arm-none-eabi/lib/armv7e-m\libm.a(lib_a-kf_rem_pio2.o)
 .text          0x00000000        0x0 d:/ide/gcc_arm/bin/../lib/gcc/arm-none-eabi/4.9.3/../../../../arm-none-eabi/lib/armv7e-m\libm.a(lib_a-kf_sin.o)
 .data          0x00000000        0x0 d:/ide/gcc_arm/bin/../lib/gcc/arm-none-eabi/4.9.3/../../../../arm-none-eabi/lib/armv7e-m\libm.a(lib_a-kf_sin.o)
 .bss           0x00000000        0x0 d:/ide/gcc_arm/bin/../lib/gcc/arm-none-eabi/4.9.3/../../../../arm-none-eabi/lib/armv7e-m\libm.a(lib_a-kf_sin.o)
 .text          0x00000000        0x0 d:/ide/gcc_arm/bin/../lib/gcc/arm-none-eabi/4.9.3/../../../../arm-none-eabi/lib/armv7e-m\libm.a(lib_a-sf_fabs.o)
 .data          0x00000000        0x0 d:/ide/gcc_arm/bin/../lib/gcc/arm-none-eabi/4.9.3/../../../../arm-none-eabi/lib/armv7e-m\libm.a(lib_a-sf_fabs.o)
 .bss           0x00000000        0x0 d:/ide/gcc_arm/bin/../lib/gcc/arm-none-eabi/4.9.3/../../../../arm-none-eabi/lib/armv7e-m\libm.a(lib_a-sf_fabs.o)
 .text          0x00000000        0x0 d:/ide/gcc_arm/bin/../lib/gcc/arm-none-eabi/4.9.3/../../../../arm-none-eabi/lib/armv7e-m\libm.a(lib_a-sf_floor.o)
 .data          0x00000000        0x0 d:/ide/gcc_arm/bin/../lib/gcc/arm-none-eabi/4.9.3/../../../../arm-none-eabi/lib/armv7e-m\libm.a(lib_a-sf_floor.o)
 .bss           0x00000000        0x0 d:/ide/gcc_arm/bin/../lib/gcc/arm-none-eabi/4.9.3/../../../../arm-none-eabi/lib/armv7e-m\libm.a(lib_a-sf_floor.o)
 .text          0x00000000        0x0 d:/ide/gcc_arm/bin/../lib/gcc/arm-none-eabi/4.9.3/../../../../arm-none-eabi/lib/armv7e-m\libm.a(lib_a-sf_scalbn.o)
 .data          0x00000000        0x0 d:/ide/gcc_arm/bin/../lib/gcc/arm-none-eabi/4.9.3/../../../../arm-none-eabi/lib/armv7e-m\libm.a(lib_a-sf_scalbn.o)
 .bss           0x00000000        0x0 d:/ide/gcc_arm/bin/../lib/gcc/arm-none-eabi/4.9.3/../../../../arm-none-eabi/lib/armv7e-m\libm.a(lib_a-sf_scalbn.o)
 .text          0x00000000        0x0 d:/ide/gcc_arm/bin/../lib/gcc/arm-none-eabi/4.9.3/../../../../arm-none-eabi/lib/armv7e-m\libm.a(lib_a-sf_copysign.o)
 .data          0x00000000        0x0 d:/ide/gcc_arm/bin/../lib/gcc/arm-none-eabi/4.9.3/../../../../arm-none-eabi/lib/armv7e-m\libm.a(lib_a-sf_copysign.o)
 .bss           0x00000000        0x0 d:/ide/gcc_arm/bin/../lib/gcc/arm-none-eabi/4.9.3/../../../../arm-none-eabi/lib/armv7e-m\libm.a(lib_a-sf_copysign.o)
 .data          0x00000000        0x0 d:/ide/gcc_arm/bin/../lib/gcc/arm-none-eabi/4.9.3/armv7e-m\libgcc.a(_arm_addsubdf3.o)
 .bss           0x00000000        0x0 d:/ide/gcc_arm/bin/../lib/gcc/arm-none-eabi/4.9.3/armv7e-m\libgcc.a(_arm_addsubdf3.o)
 .data          0x00000000        0x0 d:/ide/gcc_arm/bin/../lib/gcc/arm-none-eabi/4.9.3/armv7e-m\libgcc.a(_arm_muldivdf3.o)
 .bss           0x00000000        0x0 d:/ide/gcc_arm/bin/../lib/gcc/arm-none-eabi/4.9.3/armv7e-m\libgcc.a(_arm_muldivdf3.o)
 .data          0x00000000        0x0 d:/ide/gcc_arm/bin/../lib/gcc/arm-none-eabi/4.9.3/armv7e-m\libgcc.a(_arm_cmpdf2.o)
 .bss           0x00000000        0x0 d:/ide/gcc_arm/bin/../lib/gcc/arm-none-eabi/4.9.3/armv7e-m\libgcc.a(_arm_cmpdf2.o)
 .data          0x00000000        0x0 d:/ide/gcc_arm/bin/../lib/gcc/arm-none-eabi/4.9.3/armv7e-m\libgcc.a(_arm_truncdfsf2.o)
 .bss           0x00000000        0x0 d:/ide/gcc_arm/bin/../lib/gcc/arm-none-eabi/4.9.3/armv7e-m\libgcc.a(_arm_truncdfsf2.o)
 .data          0x00000000        0x0 d:/ide/gcc_arm/bin/../lib/gcc/arm-none-eabi/4.9.3/armv7e-m\libgcc.a(_arm_addsubsf3.o)
 .bss           0x00000000        0x0 d:/ide/gcc_arm/bin/../lib/gcc/arm-none-eabi/4.9.3/armv7e-m\libgcc.a(_arm_addsubsf3.o)
 .data          0x00000000        0x0 d:/ide/gcc_arm/bin/../lib/gcc/arm-none-eabi/4.9.3/armv7e-m\libgcc.a(_arm_muldivsf3.o)
 .bss           0x00000000        0x0 d:/ide/gcc_arm/bin/../lib/gcc/arm-none-eabi/4.9.3/armv7e-m\libgcc.a(_arm_muldivsf3.o)
 .data          0x00000000        0x0 d:/ide/gcc_arm/bin/../lib/gcc/arm-none-eabi/4.9.3/armv7e-m\libgcc.a(_arm_cmpsf2.o)
 .bss           0x00000000        0x0 d:/ide/gcc_arm/bin/../lib/gcc/arm-none-eabi/4.9.3/armv7e-m\libgcc.a(_arm_cmpsf2.o)
 .data          0x00000000        0x0 d:/ide/gcc_arm/bin/../lib/gcc/arm-none-eabi/4.9.3/armv7e-m\libgcc.a(_arm_fixsfsi.o)
 .bss           0x00000000        0x0 d:/ide/gcc_arm/bin/../lib/gcc/arm-none-eabi/4.9.3/armv7e-m\libgcc.a(_arm_fixsfsi.o)

Memory Configuration

Name             Origin             Length             Attributes
rom              0x08000000         0x00100000         xr
ram              0x20000000         0x00020000         xrw
ram1             0x10000000         0x00010000         xrw
*default*        0x00000000         0xffffffff

Linker script and memory map

                0x20020000                _eram = 0x20020000

.text           0x08000000     0x3a2c
 *(.isr_vector)
 .isr_vector    0x08000000      0x188 ..\obj\startup_stm32f4xx.o
                0x08000000                g_pfnVectors
 *(.text*)
 .text.VGA_translateEllipsePixelPos
                0x08000188      0x100 ..\obj\shapes_data.o
                0x08000188                VGA_translateEllipsePixelPos
 .text.VGA_drawEllipseFrame
                0x08000288       0xb8 ..\obj\shapes_data.o
                0x08000288                VGA_drawEllipseFrame
 .text.VGA_drawEllipseFill
                0x08000340       0xa0 ..\obj\shapes_data.o
                0x08000340                VGA_drawEllipseFill
 .text.VGA_drawEllipseLineFill
                0x080003e0      0x108 ..\obj\shapes_data.o
                0x080003e0                VGA_drawEllipseLineFill
 .text.VGA_calculateEllipseData
                0x080004e8      0x1c0 ..\obj\shapes_data.o
                0x080004e8                VGA_calculateEllipseData
 .text.Default_Reset_Handler
                0x080006a8       0x58 ..\obj\startup_stm32f4xx.o
                0x080006a8                Default_Reset_Handler
                0x080006a8                Reset_Handler
 .text.Default_Handler
                0x08000700        0x8 ..\obj\startup_stm32f4xx.o
                0x08000700                RTC_Alarm_IRQHandler
                0x08000700                HASH_RNG_IRQHandler
                0x08000700                EXTI2_IRQHandler
                0x08000700                TIM8_CC_IRQHandler
                0x08000700                DebugMon_Handler
                0x08000700                TIM1_CC_IRQHandler
                0x08000700                HardFault_Handler
                0x08000700                DMA1_Stream5_IRQHandler
                0x08000700                SysTick_Handler
                0x08000700                PVD_IRQHandler
                0x08000700                SDIO_IRQHandler
                0x08000700                TAMP_STAMP_IRQHandler
                0x08000700                PendSV_Handler
                0x08000700                NMI_Handler
                0x08000700                CAN2_RX1_IRQHandler
                0x08000700                EXTI3_IRQHandler
                0x08000700                TIM8_TRG_COM_TIM14_IRQHandler
                0x08000700                TIM1_UP_TIM10_IRQHandler
                0x08000700                TIM8_UP_TIM13_IRQHandler
                0x08000700                I2C3_ER_IRQHandler
                0x08000700                EXTI0_IRQHandler
                0x08000700                I2C2_EV_IRQHandler
                0x08000700                DMA1_Stream2_IRQHandler
                0x08000700                CAN1_RX0_IRQHandler
                0x08000700                FPU_IRQHandler
                0x08000700                OTG_HS_WKUP_IRQHandler
                0x08000700                UsageFault_Handler
                0x08000700                CAN2_SCE_IRQHandler
                0x08000700                DMA2_Stream2_IRQHandler
                0x08000700                SPI1_IRQHandler
                0x08000700                TIM6_DAC_IRQHandler
                0x08000700                TIM1_BRK_TIM9_IRQHandler
                0x08000700                DCMI_IRQHandler
                0x08000700                CAN2_RX0_IRQHandler
                0x08000700                DMA2_Stream3_IRQHandler
                0x08000700                USART6_IRQHandler
                0x08000700                USART3_IRQHandler
                0x08000700                CRYP_IRQHandler
                0x08000700                CAN1_RX1_IRQHandler
                0x08000700                UART5_IRQHandler
                0x08000700                DMA2_Stream0_IRQHandler
                0x08000700                TIM4_IRQHandler
                0x08000700                I2C1_EV_IRQHandler
                0x08000700                DMA1_Stream6_IRQHandler
                0x08000700                DMA1_Stream1_IRQHandler
                0x08000700                UART4_IRQHandler
                0x08000700                TIM3_IRQHandler
                0x08000700                RCC_IRQHandler
                0x08000700                TIM8_BRK_TIM12_IRQHandler
                0x08000700                EXTI15_10_IRQHandler
                0x08000700                ADC_IRQHandler
                0x08000700                DMA1_Stream7_IRQHandler
                0x08000700                TIM7_IRQHandler
                0x08000700                CAN2_TX_IRQHandler
                0x08000700                TIM5_IRQHandler
                0x08000700                DMA2_Stream7_IRQHandler
                0x08000700                I2C3_EV_IRQHandler
                0x08000700                EXTI9_5_IRQHandler
                0x08000700                RTC_WKUP_IRQHandler
                0x08000700                ETH_WKUP_IRQHandler
                0x08000700                SPI2_IRQHandler
                0x08000700                OTG_HS_EP1_IN_IRQHandler
                0x08000700                MemManage_Handler
                0x08000700                DMA1_Stream0_IRQHandler
                0x08000700                CAN1_TX_IRQHandler
                0x08000700                SVC_Handler
                0x08000700                EXTI4_IRQHandler
                0x08000700                FSMC_IRQHandler
                0x08000700                ETH_IRQHandler
                0x08000700                OTG_HS_EP1_OUT_IRQHandler
                0x08000700                WWDG_IRQHandler
                0x08000700                OTG_FS_WKUP_IRQHandler
                0x08000700                TIM1_TRG_COM_TIM11_IRQHandler
                0x08000700                OTG_HS_IRQHandler
                0x08000700                EXTI1_IRQHandler
                0x08000700                USART2_IRQHandler
                0x08000700                I2C2_ER_IRQHandler
                0x08000700                DMA2_Stream1_IRQHandler
                0x08000700                CAN1_SCE_IRQHandler
                0x08000700                FLASH_IRQHandler
                0x08000700                DMA2_Stream4_IRQHandler
                0x08000700                BusFault_Handler
                0x08000700                USART1_IRQHandler
                0x08000700                OTG_FS_IRQHandler
                0x08000700                SPI3_IRQHandler
                0x08000700                DMA1_Stream4_IRQHandler
                0x08000700                I2C1_ER_IRQHandler
                0x08000700                DMA2_Stream6_IRQHandler
                0x08000700                DMA1_Stream3_IRQHandler
 .text.testEllipseShape
                0x08000708       0x74 ..\obj\main.o
                0x08000708                testEllipseShape
 .text.main     0x0800077c       0x18 ..\obj\main.o
                0x0800077c                main
 .text.RCC_AHB1PeriphClockCmd
                0x08000794       0x3c ..\obj\stm32f4xx_rcc.o
                0x08000794                RCC_AHB1PeriphClockCmd
 .text.RCC_APB1PeriphClockCmd
                0x080007d0       0x3c ..\obj\stm32f4xx_rcc.o
                0x080007d0                RCC_APB1PeriphClockCmd
 .text.RCC_APB2PeriphClockCmd
                0x0800080c       0x3c ..\obj\stm32f4xx_rcc.o
                0x0800080c                RCC_APB2PeriphClockCmd
 .text.GPIO_Init
                0x08000848      0x11c ..\obj\stm32f4xx_gpio.o
                0x08000848                GPIO_Init
 .text.GPIO_PinAFConfig
                0x08000964       0x90 ..\obj\stm32f4xx_gpio.o
                0x08000964                GPIO_PinAFConfig
 .text.SystemInit
                0x080009f4       0x58 ..\obj\system_stm32f4xx.o
                0x080009f4                SystemInit
 .text.SetSysClock
                0x08000a4c       0xf4 ..\obj\system_stm32f4xx.o
 .text.DMA_DeInit
                0x08000b40      0x1a4 ..\obj\stm32f4xx_dma.o
                0x08000b40                DMA_DeInit
 .text.DMA_Init
                0x08000ce4       0xac ..\obj\stm32f4xx_dma.o
                0x08000ce4                DMA_Init
 .text.DMA_Cmd  0x08000d90       0x38 ..\obj\stm32f4xx_dma.o
                0x08000d90                DMA_Cmd
 .text.DMA_ITConfig
                0x08000dc8       0x74 ..\obj\stm32f4xx_dma.o
                0x08000dc8                DMA_ITConfig
 .text.DMA_GetITStatus
                0x08000e3c       0xb0 ..\obj\stm32f4xx_dma.o
                0x08000e3c                DMA_GetITStatus
 .text.DMA_ClearITPendingBit
                0x08000eec       0x5c ..\obj\stm32f4xx_dma.o
                0x08000eec                DMA_ClearITPendingBit
 .text.VGA_setPixelData
                0x08000f48       0x4c ..\obj\pixel_data.o
                0x08000f48                VGA_setPixelData
 .text.VGA_getPixelData
                0x08000f94       0x34 ..\obj\pixel_data.o
                0x08000f94                VGA_getPixelData
 .text.VGA_processScreenData
                0x08000fc8       0x60 ..\obj\pixel_data.o
                0x08000fc8                VGA_processScreenData
 .text.UB_VGA_Screen_Init
                0x08001028       0x80 ..\obj\stm32_ub_vga_screen.o
                0x08001028                UB_VGA_Screen_Init
 .text.P_VGA_InitIO
                0x080010a8       0xa8 ..\obj\stm32_ub_vga_screen.o
                0x080010a8                P_VGA_InitIO
 .text.P_VGA_InitTIM
                0x08001150       0xc8 ..\obj\stm32_ub_vga_screen.o
                0x08001150                P_VGA_InitTIM
 .text.P_VGA_InitINT
                0x08001218       0x58 ..\obj\stm32_ub_vga_screen.o
                0x08001218                P_VGA_InitINT
 .text.P_VGA_InitDMA
                0x08001270       0x90 ..\obj\stm32_ub_vga_screen.o
                0x08001270                P_VGA_InitDMA
 .text.TIM2_IRQHandler
                0x08001300       0xb8 ..\obj\stm32_ub_vga_screen.o
                0x08001300                TIM2_IRQHandler
 .text.DMA2_Stream5_IRQHandler
                0x080013b8       0x4c ..\obj\stm32_ub_vga_screen.o
                0x080013b8                DMA2_Stream5_IRQHandler
 .text.NVIC_Init
                0x08001404       0xc0 ..\obj\misc.o
                0x08001404                NVIC_Init
 .text.TIM_TimeBaseInit
                0x080014c4       0xd4 ..\obj\stm32f4xx_tim.o
                0x080014c4                TIM_TimeBaseInit
 .text.TIM_ARRPreloadConfig
                0x08001598       0x40 ..\obj\stm32f4xx_tim.o
                0x08001598                TIM_ARRPreloadConfig
 .text.TIM_Cmd  0x080015d8       0x40 ..\obj\stm32f4xx_tim.o
                0x080015d8                TIM_Cmd
 .text.TIM_OC3Init
                0x08001618      0x10c ..\obj\stm32f4xx_tim.o
                0x08001618                TIM_OC3Init
 .text.TIM_OC4Init
                0x08001724       0xcc ..\obj\stm32f4xx_tim.o
                0x08001724                TIM_OC4Init
 .text.TIM_OC3PreloadConfig
                0x080017f0       0x38 ..\obj\stm32f4xx_tim.o
                0x080017f0                TIM_OC3PreloadConfig
 .text.TIM_OC4PreloadConfig
                0x08001828       0x3c ..\obj\stm32f4xx_tim.o
                0x08001828                TIM_OC4PreloadConfig
 .text.TIM_ITConfig
                0x08001864       0x48 ..\obj\stm32f4xx_tim.o
                0x08001864                TIM_ITConfig
 .text.TIM_ClearITPendingBit
                0x080018ac       0x20 ..\obj\stm32f4xx_tim.o
                0x080018ac                TIM_ClearITPendingBit
 .text.TIM_DMACmd
                0x080018cc       0x48 ..\obj\stm32f4xx_tim.o
                0x080018cc                TIM_DMACmd
 .text.cosf     0x08001914       0x6c d:/ide/gcc_arm/bin/../lib/gcc/arm-none-eabi/4.9.3/../../../../arm-none-eabi/lib/armv7e-m\libm.a(lib_a-sf_cos.o)
                0x08001914                cosf
 .text.sinf     0x08001980       0x7c d:/ide/gcc_arm/bin/../lib/gcc/arm-none-eabi/4.9.3/../../../../arm-none-eabi/lib/armv7e-m\libm.a(lib_a-sf_sin.o)
                0x08001980                sinf
 .text.__ieee754_rem_pio2f
                0x080019fc      0x2e4 d:/ide/gcc_arm/bin/../lib/gcc/arm-none-eabi/4.9.3/../../../../arm-none-eabi/lib/armv7e-m\libm.a(lib_a-ef_rem_pio2.o)
                0x080019fc                __ieee754_rem_pio2f
 .text.__kernel_cosf
                0x08001ce0      0x188 d:/ide/gcc_arm/bin/../lib/gcc/arm-none-eabi/4.9.3/../../../../arm-none-eabi/lib/armv7e-m\libm.a(lib_a-kf_cos.o)
                0x08001ce0                __kernel_cosf
 .text.__kernel_rem_pio2f
                0x08001e68      0x670 d:/ide/gcc_arm/bin/../lib/gcc/arm-none-eabi/4.9.3/../../../../arm-none-eabi/lib/armv7e-m\libm.a(lib_a-kf_rem_pio2.o)
                0x08001e68                __kernel_rem_pio2f
 .text.__kernel_sinf
                0x080024d8       0xec d:/ide/gcc_arm/bin/../lib/gcc/arm-none-eabi/4.9.3/../../../../arm-none-eabi/lib/armv7e-m\libm.a(lib_a-kf_sin.o)
                0x080024d8                __kernel_sinf
 .text.fabsf    0x080025c4        0x8 d:/ide/gcc_arm/bin/../lib/gcc/arm-none-eabi/4.9.3/../../../../arm-none-eabi/lib/armv7e-m\libm.a(lib_a-sf_fabs.o)
                0x080025c4                fabsf
 .text.floorf   0x080025cc       0x8c d:/ide/gcc_arm/bin/../lib/gcc/arm-none-eabi/4.9.3/../../../../arm-none-eabi/lib/armv7e-m\libm.a(lib_a-sf_floor.o)
                0x080025cc                floorf
 .text.scalbnf  0x08002658       0xb0 d:/ide/gcc_arm/bin/../lib/gcc/arm-none-eabi/4.9.3/../../../../arm-none-eabi/lib/armv7e-m\libm.a(lib_a-sf_scalbn.o)
                0x08002658                scalbnf
 .text.copysignf
                0x08002708        0xc d:/ide/gcc_arm/bin/../lib/gcc/arm-none-eabi/4.9.3/../../../../arm-none-eabi/lib/armv7e-m\libm.a(lib_a-sf_copysign.o)
                0x08002708                copysignf
 .text          0x08002714      0x370 d:/ide/gcc_arm/bin/../lib/gcc/arm-none-eabi/4.9.3/armv7e-m\libgcc.a(_arm_addsubdf3.o)
                0x08002714                __aeabi_drsub
                0x0800271c                __aeabi_dsub
                0x0800271c                __subdf3
                0x08002720                __aeabi_dadd
                0x08002720                __adddf3
                0x08002998                __floatunsidf
                0x08002998                __aeabi_ui2d
                0x080029b8                __floatsidf
                0x080029b8                __aeabi_i2d
                0x080029dc                __aeabi_f2d
                0x080029dc                __extendsfdf2
                0x08002a18                __floatundidf
                0x08002a18                __aeabi_ul2d
                0x08002a28                __floatdidf
                0x08002a28                __aeabi_l2d
 .text          0x08002a84      0x424 d:/ide/gcc_arm/bin/../lib/gcc/arm-none-eabi/4.9.3/armv7e-m\libgcc.a(_arm_muldivdf3.o)
                0x08002a84                __aeabi_dmul
                0x08002a84                __muldf3
                0x08002cd8                __divdf3
                0x08002cd8                __aeabi_ddiv
 .text          0x08002ea8      0x110 d:/ide/gcc_arm/bin/../lib/gcc/arm-none-eabi/4.9.3/armv7e-m\libgcc.a(_arm_cmpdf2.o)
                0x08002ea8                __gtdf2
                0x08002ea8                __gedf2
                0x08002eb0                __ltdf2
                0x08002eb0                __ledf2
                0x08002eb8                __nedf2
                0x08002eb8                __eqdf2
                0x08002eb8                __cmpdf2
                0x08002f34                __aeabi_cdrcmple
                0x08002f44                __aeabi_cdcmpeq
                0x08002f44                __aeabi_cdcmple
                0x08002f54                __aeabi_dcmpeq
                0x08002f68                __aeabi_dcmplt
                0x08002f7c                __aeabi_dcmple
                0x08002f90                __aeabi_dcmpge
                0x08002fa4                __aeabi_dcmpgt
 .text          0x08002fb8       0xa0 d:/ide/gcc_arm/bin/../lib/gcc/arm-none-eabi/4.9.3/armv7e-m\libgcc.a(_arm_truncdfsf2.o)
                0x08002fb8                __truncdfsf2
                0x08002fb8                __aeabi_d2f
 .text          0x08003058      0x21c d:/ide/gcc_arm/bin/../lib/gcc/arm-none-eabi/4.9.3/armv7e-m\libgcc.a(_arm_addsubsf3.o)
                0x08003058                __aeabi_frsub
                0x08003060                __subsf3
                0x08003060                __aeabi_fsub
                0x08003064                __aeabi_fadd
                0x08003064                __addsf3
                0x080031c4                __aeabi_ui2f
                0x080031c4                __floatunsisf
                0x080031cc                __aeabi_i2f
                0x080031cc                __floatsisf
                0x080031e8                __aeabi_ul2f
                0x080031e8                __floatundisf
                0x080031f8                __aeabi_l2f
                0x080031f8                __floatdisf
 .text          0x08003274      0x2a0 d:/ide/gcc_arm/bin/../lib/gcc/arm-none-eabi/4.9.3/armv7e-m\libgcc.a(_arm_muldivsf3.o)
                0x08003274                __mulsf3
                0x08003274                __aeabi_fmul
                0x080033dc                __aeabi_fdiv
                0x080033dc                __divsf3
 .text          0x08003514       0xec d:/ide/gcc_arm/bin/../lib/gcc/arm-none-eabi/4.9.3/armv7e-m\libgcc.a(_arm_cmpsf2.o)
                0x08003514                __gesf2
                0x08003514                __gtsf2
                0x0800351c                __lesf2
                0x0800351c                __ltsf2
                0x08003524                __nesf2
                0x08003524                __eqsf2
                0x08003524                __cmpsf2
                0x08003584                __aeabi_cfrcmple
                0x0800358c                __aeabi_cfcmpeq
                0x0800358c                __aeabi_cfcmple
                0x0800359c                __aeabi_fcmpeq
                0x080035b0                __aeabi_fcmplt
                0x080035c4                __aeabi_fcmple
                0x080035d8                __aeabi_fcmpge
                0x080035ec                __aeabi_fcmpgt
 .text          0x08003600       0x4c d:/ide/gcc_arm/bin/../lib/gcc/arm-none-eabi/4.9.3/armv7e-m\libgcc.a(_arm_fixsfsi.o)
                0x08003600                __aeabi_f2iz
                0x08003600                __fixsfsi
 *(.init)
 *(.fini)
 *crtbegin.o(.ctors)
 *crtbegin?.o(.ctors)
 *(EXCLUDE_FILE(*crtend.o *crtend?.o) .ctors)
 *(SORT(.ctors.*))
 *(.ctors)
 *crtbegin.o(.dtors)
 *crtbegin?.o(.dtors)
 *(EXCLUDE_FILE(*crtend.o *crtend?.o) .dtors)
 *(SORT(.dtors.*))
 *(.dtors)
 *(.rodata*)
 .rodata        0x0800364c       0x10 ..\obj\main.o
 .rodata.npio2_hw
                0x0800365c       0x80 d:/ide/gcc_arm/bin/../lib/gcc/arm-none-eabi/4.9.3/../../../../arm-none-eabi/lib/armv7e-m\libm.a(lib_a-ef_rem_pio2.o)
 .rodata.two_over_pi
                0x080036dc      0x318 d:/ide/gcc_arm/bin/../lib/gcc/arm-none-eabi/4.9.3/../../../../arm-none-eabi/lib/armv7e-m\libm.a(lib_a-ef_rem_pio2.o)
 .rodata.init_jk
                0x080039f4        0xc d:/ide/gcc_arm/bin/../lib/gcc/arm-none-eabi/4.9.3/../../../../arm-none-eabi/lib/armv7e-m\libm.a(lib_a-kf_rem_pio2.o)
 .rodata.PIo2   0x08003a00       0x2c d:/ide/gcc_arm/bin/../lib/gcc/arm-none-eabi/4.9.3/../../../../arm-none-eabi/lib/armv7e-m\libm.a(lib_a-kf_rem_pio2.o)
 *(.eh_fram e*)

.glue_7         0x08003a2c        0x0
 .glue_7        0x00000000        0x0 linker stubs

.glue_7t        0x08003a2c        0x0
 .glue_7t       0x00000000        0x0 linker stubs

.vfp11_veneer   0x08003a2c        0x0
 .vfp11_veneer  0x00000000        0x0 linker stubs

.v4_bx          0x08003a2c        0x0
 .v4_bx         0x00000000        0x0 linker stubs

.iplt           0x08003a2c        0x0
 .iplt          0x00000000        0x0 ..\obj\shapes_data.o

.rel.dyn        0x08003a2c        0x0
 .rel.iplt      0x00000000        0x0 ..\obj\shapes_data.o

.ARM.extab
 *(.ARM.extab* .gnu.linkonce.armextab.*)
                0x08003a2c                __exidx_start = .

.ARM.exidx
 *(.ARM.exidx* .gnu.linkonce.armexidx.*)
                0x08003a2c                __exidx_end = .
                0x08003a2c                __etext = .
                0x08003a2c                _sidata = __etext

.data           0x20000000        0x0 load address 0x08003a2c
                0x20000000                __data_start__ = .
                0x20000000                _sdata = __data_start__
 *(vtable)
 *(.data*)
                0x20000000                . = ALIGN (0x4)
                0x20000000                PROVIDE (__preinit_array_start, .)
 *(.preinit_array)
                0x20000000                PROVIDE (__preinit_array_end, .)
                0x20000000                . = ALIGN (0x4)
                0x20000000                PROVIDE (__init_array_start, .)
 *(SORT(.init_array.*))
 *(.init_array)
                0x20000000                PROVIDE (__init_array_end, .)
                0x20000000                . = ALIGN (0x4)
                0x20000000                PROVIDE (__fini_array_start, .)
 *(SORT(.fini_array.*))
 *(.fini_array)
                0x20000000                PROVIDE (__fini_array_end, .)
 *(.jcr*)
                0x20000000                . = ALIGN (0x4)
                0x20000000                __data_end__ = .
                0x20000000                _edata = __data_end__

.igot.plt       0x20000000        0x0
 .igot.plt      0x00000000        0x0 ..\obj\shapes_data.o

.bss            0x20000000    0x12cfc
                0x20000000                . = ALIGN (0x4)
                0x20000000                __bss_start__ = .
                0x20000000                _sbss = __bss_start__
 *(.bss*)
 *(COMMON)
 COMMON         0x20000000    0x12cfc ..\obj\shapes_data.o
                0x20000000                VGA
                0x2000000c                VGA_RAM1
                0x20012cfc                . = ALIGN (0x4)
                0x20012cfc                __bss_end__ = .
                0x20012cfc                _ebss = __bss_end__

.heap           0x20012cfc        0x0
                0x20012cfc                __end__ = .
                0x20012cfc                _end = __end__
                0x20012cfc                end = __end__
 *(.heap*)
                0x20012cfc                __HeapLimit = .

.co_stack       0x20012cfc      0x804
                0x20012d00                . = ALIGN (0x8)
 *fill*         0x20012cfc        0x4 
 *(.co_stack .co_stack.*)
 .co_stack      0x20012d00      0x800 ..\obj\startup_stm32f4xx.o
                0x20012d00                pulStack
                0x20020000                __StackTop = (ORIGIN (ram) + 0x20000)
                0x2001f7fc                __StackLimit = (__StackTop - SIZEOF (.co_stack))
                0x20020000                PROVIDE (__stack, __StackTop)
                0x00000001                ASSERT ((__StackLimit >= __HeapLimit), region ram  overflowed with stack)
LOAD ..\obj\shapes_data.o
LOAD ..\obj\startup_stm32f4xx.o
LOAD ..\obj\main.o
LOAD ..\obj\stm32f4xx_rcc.o
LOAD ..\obj\stm32f4xx_gpio.o
LOAD ..\obj\system_stm32f4xx.o
LOAD ..\obj\stm32f4xx_dma.o
LOAD ..\obj\pixel_data.o
LOAD ..\obj\stm32_ub_vga_screen.o
LOAD ..\obj\misc.o
LOAD ..\obj\stm32f4xx_tim.o
LOAD d:/ide/gcc_arm/bin/../lib/gcc/arm-none-eabi/4.9.3/../../../../arm-none-eabi/lib/armv7e-m\libm.a
START GROUP
LOAD d:/ide/gcc_arm/bin/../lib/gcc/arm-none-eabi/4.9.3/armv7e-m\libgcc.a
LOAD d:/ide/gcc_arm/bin/../lib/gcc/arm-none-eabi/4.9.3/../../../../arm-none-eabi/lib/armv7e-m\libg.a
LOAD d:/ide/gcc_arm/bin/../lib/gcc/arm-none-eabi/4.9.3/../../../../arm-none-eabi/lib/armv7e-m\libc.a
END GROUP
OUTPUT(VGA_Core.elf elf32-littlearm)

.debug_info     0x00000000     0x56c6
 .debug_info    0x00000000      0x55f ..\obj\shapes_data.o
 .debug_info    0x0000055f       0xed ..\obj\startup_stm32f4xx.o
 .debug_info    0x0000064c      0x247 ..\obj\main.o
 .debug_info    0x00000893      0xc4d ..\obj\stm32f4xx_rcc.o
 .debug_info    0x000014e0      0x602 ..\obj\stm32f4xx_gpio.o
 .debug_info    0x00001ae2      0x592 ..\obj\system_stm32f4xx.o
 .debug_info    0x00002074      0x739 ..\obj\stm32f4xx_dma.o
 .debug_info    0x000027ad      0x2a8 ..\obj\pixel_data.o
 .debug_info    0x00002a55      0xad3 ..\obj\stm32_ub_vga_screen.o
 .debug_info    0x00003528      0x53d ..\obj\misc.o
 .debug_info    0x00003a65     0x1c61 ..\obj\stm32f4xx_tim.o

.debug_abbrev   0x00000000      0xe9e
 .debug_abbrev  0x00000000      0x10e ..\obj\shapes_data.o
 .debug_abbrev  0x0000010e       0xb0 ..\obj\startup_stm32f4xx.o
 .debug_abbrev  0x000001be      0x112 ..\obj\main.o
 .debug_abbrev  0x000002d0      0x1e3 ..\obj\stm32f4xx_rcc.o
 .debug_abbrev  0x000004b3      0x1a3 ..\obj\stm32f4xx_gpio.o
 .debug_abbrev  0x00000656      0x136 ..\obj\system_stm32f4xx.o
 .debug_abbrev  0x0000078c      0x155 ..\obj\stm32f4xx_dma.o
 .debug_abbrev  0x000008e1      0x130 ..\obj\pixel_data.o
 .debug_abbrev  0x00000a11      0x1c1 ..\obj\stm32_ub_vga_screen.o
 .debug_abbrev  0x00000bd2      0x145 ..\obj\misc.o
 .debug_abbrev  0x00000d17      0x187 ..\obj\stm32f4xx_tim.o

.debug_aranges  0x00000000      0x738
 .debug_aranges
                0x00000000       0x40 ..\obj\shapes_data.o
 .debug_aranges
                0x00000040       0x28 ..\obj\startup_stm32f4xx.o
 .debug_aranges
                0x00000068       0x28 ..\obj\main.o
 .debug_aranges
                0x00000090      0x178 ..\obj\stm32f4xx_rcc.o
 .debug_aranges
                0x00000208       0x88 ..\obj\stm32f4xx_gpio.o
 .debug_aranges
                0x00000290       0x30 ..\obj\system_stm32f4xx.o
 .debug_aranges
                0x000002c0       0xb0 ..\obj\stm32f4xx_dma.o
 .debug_aranges
                0x00000370       0x30 ..\obj\pixel_data.o
 .debug_aranges
                0x000003a0       0x60 ..\obj\stm32_ub_vga_screen.o
 .debug_aranges
                0x00000400       0x40 ..\obj\misc.o
 .debug_aranges
                0x00000440      0x2f8 ..\obj\stm32f4xx_tim.o

.debug_ranges   0x00000000      0x688
 .debug_ranges  0x00000000       0x30 ..\obj\shapes_data.o
 .debug_ranges  0x00000030       0x18 ..\obj\startup_stm32f4xx.o
 .debug_ranges  0x00000048       0x18 ..\obj\main.o
 .debug_ranges  0x00000060      0x168 ..\obj\stm32f4xx_rcc.o
 .debug_ranges  0x000001c8       0x78 ..\obj\stm32f4xx_gpio.o
 .debug_ranges  0x00000240       0x20 ..\obj\system_stm32f4xx.o
 .debug_ranges  0x00000260       0xa0 ..\obj\stm32f4xx_dma.o
 .debug_ranges  0x00000300       0x20 ..\obj\pixel_data.o
 .debug_ranges  0x00000320       0x50 ..\obj\stm32_ub_vga_screen.o
 .debug_ranges  0x00000370       0x30 ..\obj\misc.o
 .debug_ranges  0x000003a0      0x2e8 ..\obj\stm32f4xx_tim.o

.debug_line     0x00000000     0x2858
 .debug_line    0x00000000      0x299 ..\obj\shapes_data.o
 .debug_line    0x00000299       0xc0 ..\obj\startup_stm32f4xx.o
 .debug_line    0x00000359      0x25d ..\obj\main.o
 .debug_line    0x000005b6      0x5dd ..\obj\stm32f4xx_rcc.o
 .debug_line    0x00000b93      0x37f ..\obj\stm32f4xx_gpio.o
 .debug_line    0x00000f12      0x1ec ..\obj\system_stm32f4xx.o
 .debug_line    0x000010fe      0x418 ..\obj\stm32f4xx_dma.o
 .debug_line    0x00001516      0x233 ..\obj\pixel_data.o
 .debug_line    0x00001749      0x3e8 ..\obj\stm32_ub_vga_screen.o
 .debug_line    0x00001b31      0x281 ..\obj\misc.o
 .debug_line    0x00001db2      0xaa6 ..\obj\stm32f4xx_tim.o

.debug_str      0x00000000     0x28a1
 .debug_str     0x00000000      0x3bb ..\obj\shapes_data.o
                                0x424 (size before relaxing)
 .debug_str     0x000003bb       0xcf ..\obj\startup_stm32f4xx.o
                                0x166 (size before relaxing)
 .debug_str     0x0000048a       0x6b ..\obj\main.o
                                0x2b8 (size before relaxing)
 .debug_str     0x000004f5      0x6cb ..\obj\stm32f4xx_rcc.o
                                0x86f (size before relaxing)
 .debug_str     0x00000bc0      0x347 ..\obj\stm32f4xx_gpio.o
                                0x4c2 (size before relaxing)
 .debug_str     0x00000f07      0x137 ..\obj\system_stm32f4xx.o
                                0x3c9 (size before relaxing)
 .debug_str     0x0000103e      0x3b6 ..\obj\stm32f4xx_dma.o
                                0x561 (size before relaxing)
 .debug_str     0x000013f4       0xaf ..\obj\pixel_data.o
                                0x32c (size before relaxing)
 .debug_str     0x000014a3      0x861 ..\obj\stm32_ub_vga_screen.o
                                0xd0a (size before relaxing)
 .debug_str     0x00001d04      0x180 ..\obj\misc.o
                                0x3ed (size before relaxing)
 .debug_str     0x00001e84      0xa1d ..\obj\stm32f4xx_tim.o
                                0xdef (size before relaxing)

.comment        0x00000000       0x70
 .comment       0x00000000       0x70 ..\obj\shapes_data.o
                                 0x71 (size before relaxing)
 .comment       0x00000000       0x71 ..\obj\startup_stm32f4xx.o
 .comment       0x00000000       0x71 ..\obj\main.o
 .comment       0x00000000       0x71 ..\obj\stm32f4xx_rcc.o
 .comment       0x00000000       0x71 ..\obj\stm32f4xx_gpio.o
 .comment       0x00000000       0x71 ..\obj\system_stm32f4xx.o
 .comment       0x00000000       0x71 ..\obj\stm32f4xx_dma.o
 .comment       0x00000000       0x71 ..\obj\pixel_data.o
 .comment       0x00000000       0x71 ..\obj\stm32_ub_vga_screen.o
 .comment       0x00000000       0x71 ..\obj\misc.o
 .comment       0x00000000       0x71 ..\obj\stm32f4xx_tim.o

.ARM.attributes
                0x00000000       0x33
 .ARM.attributes
                0x00000000       0x33 ..\obj\shapes_data.o
 .ARM.attributes
                0x00000033       0x33 ..\obj\startup_stm32f4xx.o
 .ARM.attributes
                0x00000066       0x33 ..\obj\main.o
 .ARM.attributes
                0x00000099       0x33 ..\obj\stm32f4xx_rcc.o
 .ARM.attributes
                0x000000cc       0x33 ..\obj\stm32f4xx_gpio.o
 .ARM.attributes
                0x000000ff       0x33 ..\obj\system_stm32f4xx.o
 .ARM.attributes
                0x00000132       0x33 ..\obj\stm32f4xx_dma.o
 .ARM.attributes
                0x00000165       0x33 ..\obj\pixel_data.o
 .ARM.attributes
                0x00000198       0x33 ..\obj\stm32_ub_vga_screen.o
 .ARM.attributes
                0x000001cb       0x33 ..\obj\misc.o
 .ARM.attributes
                0x000001fe       0x33 ..\obj\stm32f4xx_tim.o
 .ARM.attributes
                0x00000231       0x2e d:/ide/gcc_arm/bin/../lib/gcc/arm-none-eabi/4.9.3/../../../../arm-none-eabi/lib/armv7e-m\libm.a(lib_a-sf_cos.o)
 .ARM.attributes
                0x0000025f       0x2e d:/ide/gcc_arm/bin/../lib/gcc/arm-none-eabi/4.9.3/../../../../arm-none-eabi/lib/armv7e-m\libm.a(lib_a-sf_sin.o)
 .ARM.attributes
                0x0000028d       0x2e d:/ide/gcc_arm/bin/../lib/gcc/arm-none-eabi/4.9.3/../../../../arm-none-eabi/lib/armv7e-m\libm.a(lib_a-ef_rem_pio2.o)
 .ARM.attributes
                0x000002bb       0x2e d:/ide/gcc_arm/bin/../lib/gcc/arm-none-eabi/4.9.3/../../../../arm-none-eabi/lib/armv7e-m\libm.a(lib_a-kf_cos.o)
 .ARM.attributes
                0x000002e9       0x2e d:/ide/gcc_arm/bin/../lib/gcc/arm-none-eabi/4.9.3/../../../../arm-none-eabi/lib/armv7e-m\libm.a(lib_a-kf_rem_pio2.o)
 .ARM.attributes
                0x00000317       0x2e d:/ide/gcc_arm/bin/../lib/gcc/arm-none-eabi/4.9.3/../../../../arm-none-eabi/lib/armv7e-m\libm.a(lib_a-kf_sin.o)
 .ARM.attributes
                0x00000345       0x2e d:/ide/gcc_arm/bin/../lib/gcc/arm-none-eabi/4.9.3/../../../../arm-none-eabi/lib/armv7e-m\libm.a(lib_a-sf_fabs.o)
 .ARM.attributes
                0x00000373       0x2e d:/ide/gcc_arm/bin/../lib/gcc/arm-none-eabi/4.9.3/../../../../arm-none-eabi/lib/armv7e-m\libm.a(lib_a-sf_floor.o)
 .ARM.attributes
                0x000003a1       0x2e d:/ide/gcc_arm/bin/../lib/gcc/arm-none-eabi/4.9.3/../../../../arm-none-eabi/lib/armv7e-m\libm.a(lib_a-sf_scalbn.o)
 .ARM.attributes
                0x000003cf       0x2e d:/ide/gcc_arm/bin/../lib/gcc/arm-none-eabi/4.9.3/../../../../arm-none-eabi/lib/armv7e-m\libm.a(lib_a-sf_copysign.o)
 .ARM.attributes
                0x000003fd       0x1e d:/ide/gcc_arm/bin/../lib/gcc/arm-none-eabi/4.9.3/armv7e-m\libgcc.a(_arm_addsubdf3.o)
 .ARM.attributes
                0x0000041b       0x1e d:/ide/gcc_arm/bin/../lib/gcc/arm-none-eabi/4.9.3/armv7e-m\libgcc.a(_arm_muldivdf3.o)
 .ARM.attributes
                0x00000439       0x1e d:/ide/gcc_arm/bin/../lib/gcc/arm-none-eabi/4.9.3/armv7e-m\libgcc.a(_arm_cmpdf2.o)
 .ARM.attributes
                0x00000457       0x1e d:/ide/gcc_arm/bin/../lib/gcc/arm-none-eabi/4.9.3/armv7e-m\libgcc.a(_arm_truncdfsf2.o)
 .ARM.attributes
                0x00000475       0x1e d:/ide/gcc_arm/bin/../lib/gcc/arm-none-eabi/4.9.3/armv7e-m\libgcc.a(_arm_addsubsf3.o)
 .ARM.attributes
                0x00000493       0x1e d:/ide/gcc_arm/bin/../lib/gcc/arm-none-eabi/4.9.3/armv7e-m\libgcc.a(_arm_muldivsf3.o)
 .ARM.attributes
                0x000004b1       0x1e d:/ide/gcc_arm/bin/../lib/gcc/arm-none-eabi/4.9.3/armv7e-m\libgcc.a(_arm_cmpsf2.o)
 .ARM.attributes
                0x000004cf       0x1e d:/ide/gcc_arm/bin/../lib/gcc/arm-none-eabi/4.9.3/armv7e-m\libgcc.a(_arm_fixsfsi.o)

.debug_frame    0x00000000     0x2100
 .debug_frame   0x00000000       0xd8 ..\obj\shapes_data.o
 .debug_frame   0x000000d8       0x4c ..\obj\startup_stm32f4xx.o
 .debug_frame   0x00000124       0x50 ..\obj\main.o
 .debug_frame   0x00000174      0x6d4 ..\obj\stm32f4xx_rcc.o
 .debug_frame   0x00000848      0x23c ..\obj\stm32f4xx_gpio.o
 .debug_frame   0x00000a84       0x7c ..\obj\system_stm32f4xx.o
 .debug_frame   0x00000b00      0x308 ..\obj\stm32f4xx_dma.o
 .debug_frame   0x00000e08       0x80 ..\obj\pixel_data.o
 .debug_frame   0x00000e88      0x148 ..\obj\stm32_ub_vga_screen.o
 .debug_frame   0x00000fd0       0xd8 ..\obj\misc.o
 .debug_frame   0x000010a8      0xe54 ..\obj\stm32f4xx_tim.o
 .debug_frame   0x00001efc       0x34 d:/ide/gcc_arm/bin/../lib/gcc/arm-none-eabi/4.9.3/../../../../arm-none-eabi/lib/armv7e-m\libm.a(lib_a-sf_cos.o)
 .debug_frame   0x00001f30       0x34 d:/ide/gcc_arm/bin/../lib/gcc/arm-none-eabi/4.9.3/../../../../arm-none-eabi/lib/armv7e-m\libm.a(lib_a-sf_sin.o)
 .debug_frame   0x00001f64       0x48 d:/ide/gcc_arm/bin/../lib/gcc/arm-none-eabi/4.9.3/../../../../arm-none-eabi/lib/armv7e-m\libm.a(lib_a-ef_rem_pio2.o)
 .debug_frame   0x00001fac       0x34 d:/ide/gcc_arm/bin/../lib/gcc/arm-none-eabi/4.9.3/../../../../arm-none-eabi/lib/armv7e-m\libm.a(lib_a-kf_cos.o)
 .debug_frame   0x00001fe0       0x50 d:/ide/gcc_arm/bin/../lib/gcc/arm-none-eabi/4.9.3/../../../../arm-none-eabi/lib/armv7e-m\libm.a(lib_a-kf_rem_pio2.o)
 .debug_frame   0x00002030       0x34 d:/ide/gcc_arm/bin/../lib/gcc/arm-none-eabi/4.9.3/../../../../arm-none-eabi/lib/armv7e-m\libm.a(lib_a-kf_sin.o)
 .debug_frame   0x00002064       0x20 d:/ide/gcc_arm/bin/../lib/gcc/arm-none-eabi/4.9.3/../../../../arm-none-eabi/lib/armv7e-m\libm.a(lib_a-sf_fabs.o)
 .debug_frame   0x00002084       0x30 d:/ide/gcc_arm/bin/../lib/gcc/arm-none-eabi/4.9.3/../../../../arm-none-eabi/lib/armv7e-m\libm.a(lib_a-sf_floor.o)
 .debug_frame   0x000020b4       0x2c d:/ide/gcc_arm/bin/../lib/gcc/arm-none-eabi/4.9.3/../../../../arm-none-eabi/lib/armv7e-m\libm.a(lib_a-sf_scalbn.o)
 .debug_frame   0x000020e0       0x20 d:/ide/gcc_arm/bin/../lib/gcc/arm-none-eabi/4.9.3/../../../../arm-none-eabi/lib/armv7e-m\libm.a(lib_a-sf_copysign.o)
